
照合 14842 件（朔弦望 9994 / 節気 4848）
合否: JST日付の不一致 = 5 件
  1913 朔弦望 日が不一致 NAOJ=12/14 00:00 表=12/13 23:59
  2064 朔弦望 日が不一致 NAOJ=12/02 00:00 表=12/01 23:59
  2074 朔弦望 日が不一致 NAOJ=08/23 00:00 表=08/22 23:58
  2095 節気 日が不一致 NAOJ=12/22 00:02 表=12/21 23:59
  2097 朔弦望 日が不一致 NAOJ=01/14 00:01 表=01/13 23:59

分差の推移（合否ではない。感度指標）
  年代              件数       平均       最大絶対値
  1900-1919     1470       1秒        46秒
  1920-1939     1469       2秒        44秒
  1940-1959     1470       0秒        42秒
  1960-1979     1469      -0秒        38秒
  1980-1999     1470      -1秒        39秒
  2000-2019     1469       0秒        40秒
  2020-2039     1470     -10秒       -57秒
  2040-2059     1469     -37秒       -93秒
  2060-2079     1470     -73秒      -131秒
  2080-2099     1469    -109秒      -160秒
  2100-2119      147    -126秒      -168秒

参考: 分差が ±2分 を超えたもの = 539 件（ΔT外挿差。日が変わらない限り暦には影響しない）
  2077 節気 12/21 15:02 vs 12/21 14:59 -2分
  2078 節気 01/05 08:26 vs 01/05 08:23 -2分
  2078 節気 02/18 15:38 vs 02/18 15:35 -2分
  2078 節気 12/07 02:54 vs 12/07 02:51 -2分
  2079 節気 03/20 20:02 vs 03/20 19:59 -2分
  2079 節気 11/22 13:11 vs 11/22 13:08 -2分
  2080 節気 11/06 21:20 vs 11/06 21:17 -2分
  2080 節気 12/06 14:35 vs 12/06 14:32 -2分
  2080 節気 12/21 08:34 vs 12/21 08:31 -2分
  2081 朔弦望 07/21 05:24 vs 07/21 05:21 -2分
